---
source: compiler/zrc_codegen/src/expr/place.rs
description: "fn test() {\n    let x = 6;\n\n    // TEST: we should simply be `store`ing to the %let_x we created\n    x = 7;\n}\n"
expression: resulting_ir
---
; ModuleID = 'test.zr'
source_filename = "test.zr"

define {} @test() !dbg !3 {
entry:
  %let_x = alloca i32, align 4
  store i32 6, ptr %let_x, align 4, !dbg !8
  store i32 7, ptr %let_x, align 4, !dbg !11
  ret {} zeroinitializer, !dbg !12
}

!llvm.module.flags = !{!0}
!llvm.dbg.cu = !{!1}

!0 = !{i32 2, !"Debug Info Version", i32 3}
!1 = distinct !DICompileUnit(language: DW_LANG_C, file: !2, producer: "zrc test runner", isOptimized: false, flags: "zrc --fake-args", runtimeVersion: 0, emissionKind: FullDebug, splitDebugInlining: false)
!2 = !DIFile(filename: "test.zr", directory: "/fake/path")
!3 = distinct !DISubprogram(name: "test", linkageName: "test", scope: null, file: !2, line: 1, type: !4, scopeLine: 1, spFlags: DISPFlagDefinition, unit: !1)
!4 = !DISubroutineType(types: !5)
!5 = !{!6}
!6 = !DICompositeType(tag: DW_TAG_structure_type, name: "struct {}", scope: !2, file: !2, elements: !7)
!7 = !{}
!8 = !DILocation(line: 2, column: 9, scope: !9)
!9 = distinct !DILexicalBlock(scope: !10, file: !2, line: 1, column: 11)
!10 = distinct !DILexicalBlock(scope: !3, file: !2, line: 1, column: 11)
!11 = !DILocation(line: 5, column: 5, scope: !9)
!12 = !DILocation(line: 6, column: 1, scope: !9)
