---
source: compiler/zrc_codegen/src/expr.rs
description: "fn test() {\n    // TEST: should properly generate \\xNN for each escape\n    let x = \"\\n\\r\\t\\\\\\\"\\x41\\0\";\n}\n"
expression: resulting_ir
---
; ModuleID = 'test.zr'
source_filename = "test.zr"

@str = private unnamed_addr constant [7 x i8] c"\0A\0D\09\\\22)\00", align 1

define {} @test() !dbg !3 {
entry:
  %let_x = alloca ptr, align 8
  store ptr @str, ptr %let_x, align 8, !dbg !8
  ret {} zeroinitializer, !dbg !11
}

!llvm.module.flags = !{!0}
!llvm.dbg.cu = !{!1}

!0 = !{i32 2, !"Debug Info Version", i32 3}
!1 = distinct !DICompileUnit(language: DW_LANG_C, file: !2, producer: "zrc test runner", isOptimized: false, flags: "zrc --fake-args", runtimeVersion: 0, emissionKind: FullDebug, splitDebugInlining: false)
!2 = !DIFile(filename: "test.zr", directory: "/fake/path")
!3 = distinct !DISubprogram(name: "test", linkageName: "test", scope: null, file: !2, line: 1, type: !4, scopeLine: 1, spFlags: DISPFlagDefinition, unit: !1)
!4 = !DISubroutineType(types: !5)
!5 = !{!6}
!6 = !DICompositeType(tag: DW_TAG_structure_type, name: "struct {}", scope: !2, file: !2, elements: !7)
!7 = !{}
!8 = !DILocation(line: 3, column: 9, scope: !9)
!9 = distinct !DILexicalBlock(scope: !10, file: !2, line: 1, column: 11)
!10 = distinct !DILexicalBlock(scope: !3, file: !2, line: 1, column: 11)
!11 = !DILocation(line: 4, column: 1, scope: !9)
