---
source: compiler/zrc_codegen/src/expr.rs
description: "fn test() {\n    let x: *i32;\n\n    // TEST: x is *i32, so %let_x is **i32 (ptr to the stack). we should load from\n    // %let_x to obtain the actual pointer. we should then store to that result\n    // value (we should never load it)\n    *x = 4;\n\n    return;\n}\n"
expression: resulting_ir
---
; ModuleID = 'test.zr'
source_filename = "test.zr"

define void @test() !dbg !3 {
entry:
  %let_x = alloca ptr, align 8
  %load = load ptr, ptr %let_x, align 8, !dbg !8
  store i32 4, ptr %load, align 4, !dbg !8
  ret void, !dbg !11
}

!llvm.module.flags = !{!0}
!llvm.dbg.cu = !{!1}

!0 = !{i32 2, !"Debug Info Version", i32 3}
!1 = distinct !DICompileUnit(language: DW_LANG_C, file: !2, producer: "zrc test runner", isOptimized: false, flags: "zrc --fake-args", runtimeVersion: 0, emissionKind: FullDebug, splitDebugInlining: false)
!2 = !DIFile(filename: "test.zr", directory: "/fake/path")
!3 = distinct !DISubprogram(name: "test", linkageName: "test", scope: null, file: !2, line: 1, type: !4, scopeLine: 1, spFlags: DISPFlagDefinition, unit: !1, retainedNodes: !7)
!4 = !DISubroutineType(types: !5)
!5 = !{!6}
!6 = !DIBasicType(name: "void")
!7 = !{}
!8 = !DILocation(line: 7, column: 6, scope: !9)
!9 = distinct !DILexicalBlock(scope: !10, file: !2, line: 1, column: 11)
!10 = distinct !DILexicalBlock(scope: !3, file: !2, line: 1, column: 1)
!11 = !DILocation(line: 9, column: 5, scope: !9)

