---
source: compiler/zrc_codegen/src/stmt.rs
description: "fn test() {\n    // TEST: should allocate twice and assign to one.\n    let a: i32;\n    let b: i32 = 7;\n\n    return;\n}\n"
expression: resulting_ir
---
; ModuleID = 'test.zr'
source_filename = "test.zr"

define void @test() !dbg !3 {
entry:
  %let_b = alloca i32, align 4
  %let_a = alloca i32, align 4
  store i32 7, ptr %let_b, align 4
  ret void
}

!llvm.module.flags = !{!0}
!llvm.dbg.cu = !{!1}

!0 = !{i32 2, !"Debug Info Version", i32 3}
!1 = distinct !DICompileUnit(language: DW_LANG_C, file: !2, producer: "zrc test runner", isOptimized: false, flags: "zrc --fake-args", runtimeVersion: 0, emissionKind: FullDebug, splitDebugInlining: false)
!2 = !DIFile(filename: "test.zr", directory: "/fake/path")
!3 = distinct !DISubprogram(name: "test", linkageName: "test", scope: null, file: !2, type: !4, spFlags: DISPFlagDefinition, unit: !1, retainedNodes: !7)
!4 = !DISubroutineType(types: !5)
!5 = !{!6}
!6 = !DIBasicType(name: "void")
!7 = !{}

